To honour the JVM settings for this build a single-use Daemon process will be forked. For more on this, please refer to https://docs.gradle.org/8.9/userguide/gradle_daemon.html#sec:disabling_the_daemon in the Gradle documentation.
Daemon will be stopped at the end of the build 

> Configure project :app
Unable to initialize metrics, ensure /home/agent/.android is writable, details: /home/agent/.android/analytics.settings (No such file or directory)

> Task :app:clean
> Task :libadb:clean

> Task :spake2:externalNativeBuildCleanDebug
Clean spake2-armeabi-v7a
Clean spake2-arm64-v8a
Clean spake2-x86_64

> Task :spake2:externalNativeBuildCleanRelease
> Task :spake2:clean
> Task :app:preBuild UP-TO-DATE
> Task :app:preDebugBuild UP-TO-DATE
> Task :app:mergeDebugNativeDebugMetadata NO-SOURCE
> Task :libadb:preBuild UP-TO-DATE
> Task :libadb:preDebugBuild UP-TO-DATE
> Task :spake2:preBuild UP-TO-DATE
> Task :spake2:preDebugBuild UP-TO-DATE
> Task :libadb:writeDebugAarMetadata
> Task :spake2:writeDebugAarMetadata
> Task :app:javaPreCompileDebug
> Task :app:generateDebugResValues
> Task :libadb:generateDebugResValues
> Task :app:checkDebugAarMetadata
> Task :libadb:generateDebugResources
> Task :libadb:packageDebugResources
> Task :spake2:generateDebugResValues
> Task :spake2:generateDebugResources
> Task :spake2:packageDebugResources
> Task :app:mapDebugSourceSetPaths
> Task :app:generateDebugResources
> Task :app:packageDebugResources
> Task :app:mergeDebugResources
> Task :app:createDebugCompatibleScreenManifests
> Task :app:extractDeepLinksDebug
> Task :libadb:extractDeepLinksDebug
> Task :spake2:extractDeepLinksDebug
> Task :app:parseDebugLocalResources
> Task :libadb:compileDebugLibraryResources
> Task :libadb:parseDebugLocalResources
> Task :spake2:compileDebugLibraryResources
> Task :spake2:processDebugManifest
> Task :libadb:processDebugManifest
> Task :spake2:parseDebugLocalResources
> Task :libadb:generateDebugRFile
> Task :app:processDebugMainManifest
> Task :app:processDebugManifest
> Task :app:processDebugManifestForPackage
> Task :spake2:generateDebugRFile
> Task :libadb:javaPreCompileDebug
> Task :spake2:javaPreCompileDebug
> Task :app:processDebugResources
> Task :spake2:compileDebugJavaWithJavac
> Task :spake2:bundleLibCompileToJarDebug
> Task :app:mergeDebugShaders

> Task :libadb:compileDebugJavaWithJavac
Note: Some input files use or override a deprecated API.
Note: Recompile with -Xlint:deprecation for details.

> Task :app:compileDebugShaders NO-SOURCE
> Task :app:generateDebugAssets UP-TO-DATE
> Task :libadb:bundleLibCompileToJarDebug
> Task :libadb:mergeDebugShaders

> Task :app:compileDebugJavaWithJavac
Note: /workspace/phone-browser-bridge/source/android/app/src/main/java/id/phonebridge/Discovery.java uses or overrides a deprecated API.
Note: Recompile with -Xlint:deprecation for details.

> Task :libadb:compileDebugShaders NO-SOURCE
> Task :libadb:generateDebugAssets UP-TO-DATE
> Task :libadb:packageDebugAssets
> Task :spake2:mergeDebugShaders
> Task :spake2:compileDebugShaders NO-SOURCE
> Task :spake2:generateDebugAssets UP-TO-DATE
> Task :spake2:packageDebugAssets
> Task :app:mergeDebugAssets
> Task :app:compressDebugAssets
> Task :libadb:bundleLibRuntimeToJarDebug
> Task :spake2:bundleLibRuntimeToJarDebug
> Task :app:desugarDebugFileDependencies
> Task :app:dexBuilderDebug
> Task :app:processDebugJavaRes NO-SOURCE
> Task :libadb:processDebugJavaRes NO-SOURCE
> Task :spake2:processDebugJavaRes NO-SOURCE
> Task :app:checkDebugDuplicateClasses
> Task :libadb:bundleLibRuntimeToDirDebug
> Task :app:mergeDebugGlobalSynthetics
> Task :spake2:bundleLibRuntimeToDirDebug
> Task :app:mergeDebugJavaResource
> Task :app:mergeDebugJniLibFolders
> Task :libadb:mergeDebugJniLibFolders
> Task :libadb:mergeDebugNativeLibs NO-SOURCE
> Task :app:mergeProjectDexDebug
> Task :libadb:copyDebugJniLibsProjectOnly
> Task :spake2:configureCMakeDebug[arm64-v8a]
> Task :app:mergeLibDexDebug
> Task :spake2:buildCMakeDebug[arm64-v8a]
> Task :spake2:configureCMakeDebug[armeabi-v7a]
> Task :spake2:buildCMakeDebug[armeabi-v7a]
> Task :spake2:configureCMakeDebug[x86_64]
> Task :spake2:buildCMakeDebug[x86_64]
> Task :spake2:mergeDebugJniLibFolders
> Task :app:validateSigningDebug
> Task :app:writeDebugAppMetadata
> Task :spake2:mergeDebugNativeLibs
> Task :app:writeDebugSigningConfigVersions
> Task :spake2:copyDebugJniLibsProjectOnly
> Task :app:bundleDebugClassesToCompileJar
> Task :app:bundleDebugClassesToRuntimeJar
> Task :app:preDebugUnitTestBuild UP-TO-DATE
> Task :app:javaPreCompileDebugUnitTest
> Task :app:processDebugUnitTestJavaRes NO-SOURCE
> Task :app:mergeDebugNativeLibs
> Task :app:compileDebugUnitTestJavaWithJavac
> Task :app:stripDebugDebugSymbols
> Task :app:testDebugUnitTest
> Task :libadb:preDebugUnitTestBuild UP-TO-DATE
> Task :libadb:generateDebugUnitTestStubRFile
> Task :libadb:javaPreCompileDebugUnitTest
> Task :libadb:processDebugUnitTestJavaRes NO-SOURCE
> Task :libadb:compileDebugUnitTestJavaWithJavac
> Task :libadb:testDebugUnitTest
> Task :app:mergeExtDexDebug
> Task :app:packageDebug
> Task :app:createDebugApkListingFileRedirect
> Task :app:assembleDebug

BUILD SUCCESSFUL in 14s
91 actionable tasks: 91 executed
