To honour the JVM settings for this build a single-use Daemon process will be forked. For more on this, please refer to https://docs.gradle.org/8.9/userguide/gradle_daemon.html#sec:disabling_the_daemon in the Gradle documentation.
Daemon will be stopped at the end of the build 

> Configure project :app
Unable to initialize metrics, ensure /home/agent/.android is writable, details: /home/agent/.android/analytics.settings (No such file or directory)

> Task :app:preBuild UP-TO-DATE
> Task :app:preDebugBuild UP-TO-DATE
> Task :app:mergeDebugNativeDebugMetadata NO-SOURCE
> Task :app:javaPreCompileDebug UP-TO-DATE
> Task :libadb:preBuild UP-TO-DATE
> Task :libadb:preDebugBuild UP-TO-DATE
> Task :libadb:writeDebugAarMetadata UP-TO-DATE
> Task :spake2:preBuild UP-TO-DATE
> Task :spake2:preDebugBuild UP-TO-DATE
> Task :spake2:writeDebugAarMetadata UP-TO-DATE
> Task :app:checkDebugAarMetadata UP-TO-DATE
> Task :app:generateDebugResValues UP-TO-DATE
> Task :libadb:generateDebugResValues UP-TO-DATE
> Task :libadb:generateDebugResources UP-TO-DATE
> Task :libadb:packageDebugResources UP-TO-DATE
> Task :spake2:generateDebugResValues UP-TO-DATE
> Task :spake2:generateDebugResources UP-TO-DATE
> Task :spake2:packageDebugResources UP-TO-DATE
> Task :app:mapDebugSourceSetPaths UP-TO-DATE
> Task :app:generateDebugResources UP-TO-DATE
> Task :app:mergeDebugResources UP-TO-DATE
> Task :app:packageDebugResources UP-TO-DATE
> Task :app:parseDebugLocalResources UP-TO-DATE
> Task :app:createDebugCompatibleScreenManifests UP-TO-DATE
> Task :app:extractDeepLinksDebug UP-TO-DATE
> Task :libadb:extractDeepLinksDebug UP-TO-DATE
> Task :libadb:processDebugManifest UP-TO-DATE
> Task :spake2:extractDeepLinksDebug UP-TO-DATE
> Task :spake2:processDebugManifest UP-TO-DATE
> Task :app:processDebugMainManifest UP-TO-DATE
> Task :app:processDebugManifest UP-TO-DATE
> Task :app:processDebugManifestForPackage UP-TO-DATE
> Task :libadb:compileDebugLibraryResources UP-TO-DATE
> Task :libadb:parseDebugLocalResources UP-TO-DATE
> Task :libadb:generateDebugRFile UP-TO-DATE
> Task :spake2:compileDebugLibraryResources UP-TO-DATE
> Task :spake2:parseDebugLocalResources UP-TO-DATE
> Task :spake2:generateDebugRFile UP-TO-DATE
> Task :app:processDebugResources UP-TO-DATE
> Task :libadb:javaPreCompileDebug UP-TO-DATE
> Task :spake2:javaPreCompileDebug UP-TO-DATE
> Task :spake2:compileDebugJavaWithJavac UP-TO-DATE
> Task :spake2:bundleLibCompileToJarDebug UP-TO-DATE
> Task :libadb:compileDebugJavaWithJavac UP-TO-DATE
> Task :libadb:bundleLibCompileToJarDebug UP-TO-DATE
> Task :app:compileDebugJavaWithJavac
> Task :app:mergeDebugShaders UP-TO-DATE
> Task :app:compileDebugShaders NO-SOURCE
> Task :app:generateDebugAssets UP-TO-DATE
> Task :libadb:mergeDebugShaders UP-TO-DATE
> Task :libadb:compileDebugShaders NO-SOURCE
> Task :libadb:generateDebugAssets UP-TO-DATE
> Task :libadb:packageDebugAssets UP-TO-DATE
> Task :spake2:mergeDebugShaders UP-TO-DATE
> Task :spake2:compileDebugShaders NO-SOURCE
> Task :spake2:generateDebugAssets UP-TO-DATE
> Task :spake2:packageDebugAssets UP-TO-DATE
> Task :app:mergeDebugAssets UP-TO-DATE
> Task :app:compressDebugAssets UP-TO-DATE
> Task :libadb:bundleLibRuntimeToJarDebug UP-TO-DATE
> Task :spake2:bundleLibRuntimeToJarDebug UP-TO-DATE
> Task :app:desugarDebugFileDependencies UP-TO-DATE
> Task :app:dexBuilderDebug
> Task :app:mergeDebugGlobalSynthetics UP-TO-DATE
> Task :app:processDebugJavaRes NO-SOURCE
> Task :libadb:processDebugJavaRes NO-SOURCE
> Task :spake2:processDebugJavaRes NO-SOURCE
> Task :app:mergeDebugJavaResource UP-TO-DATE
> Task :app:checkDebugDuplicateClasses UP-TO-DATE
> Task :app:mergeExtDexDebug UP-TO-DATE
> Task :libadb:bundleLibRuntimeToDirDebug UP-TO-DATE
> Task :spake2:bundleLibRuntimeToDirDebug UP-TO-DATE
> Task :app:mergeLibDexDebug UP-TO-DATE
> Task :app:mergeDebugJniLibFolders UP-TO-DATE
> Task :libadb:mergeDebugJniLibFolders UP-TO-DATE
> Task :libadb:mergeDebugNativeLibs NO-SOURCE
> Task :libadb:copyDebugJniLibsProjectOnly UP-TO-DATE
> Task :app:mergeProjectDexDebug
> Task :spake2:configureCMakeDebug[arm64-v8a]
> Task :spake2:buildCMakeDebug[arm64-v8a]
> Task :spake2:configureCMakeDebug[armeabi-v7a]
> Task :spake2:buildCMakeDebug[armeabi-v7a]
> Task :spake2:configureCMakeDebug[x86_64]
> Task :spake2:buildCMakeDebug[x86_64]
> Task :spake2:mergeDebugJniLibFolders UP-TO-DATE
> Task :spake2:mergeDebugNativeLibs UP-TO-DATE
> Task :spake2:copyDebugJniLibsProjectOnly UP-TO-DATE
> Task :app:mergeDebugNativeLibs UP-TO-DATE
> Task :app:stripDebugDebugSymbols UP-TO-DATE
> Task :app:validateSigningDebug UP-TO-DATE
> Task :app:writeDebugAppMetadata UP-TO-DATE
> Task :app:writeDebugSigningConfigVersions UP-TO-DATE
> Task :app:preDebugUnitTestBuild UP-TO-DATE
> Task :app:javaPreCompileDebugUnitTest UP-TO-DATE
> Task :app:processDebugUnitTestJavaRes NO-SOURCE
> Task :libadb:preDebugUnitTestBuild UP-TO-DATE
> Task :libadb:generateDebugUnitTestStubRFile UP-TO-DATE
> Task :libadb:javaPreCompileDebugUnitTest UP-TO-DATE
> Task :app:bundleDebugClassesToRuntimeJar
> Task :app:bundleDebugClassesToCompileJar
> Task :libadb:compileDebugUnitTestJavaWithJavac UP-TO-DATE
> Task :app:compileDebugUnitTestJavaWithJavac UP-TO-DATE
> Task :app:testDebugUnitTest
> Task :libadb:processDebugUnitTestJavaRes NO-SOURCE
> Task :libadb:testDebugUnitTest UP-TO-DATE

> Task :app:dependencies

------------------------------------------------------------
Project ':app'
------------------------------------------------------------

debugRuntimeClasspath - Resolved configuration for runtime for variant: debug
+--- project :libadb
|    +--- project :spake2
|    |    \--- androidx.annotation:annotation:1.9.1
|    |         \--- androidx.annotation:annotation-jvm:1.9.1
|    |              \--- org.jetbrains.kotlin:kotlin-stdlib:1.9.24
|    |                   +--- org.jetbrains:annotations:13.0
|    |                   +--- org.jetbrains.kotlin:kotlin-stdlib-common:1.9.24 (c)
|    |                   +--- org.jetbrains.kotlin:kotlin-stdlib-jdk8:1.8.0 -> 1.9.10 (c)
|    |                   \--- org.jetbrains.kotlin:kotlin-stdlib-jdk7:1.8.0 -> 1.9.10 (c)
|    +--- androidx.annotation:annotation:1.9.1 (*)
|    \--- org.bouncycastle:bcprov-jdk15to18:1.81
+--- org.conscrypt:conscrypt-android:2.5.3
+--- org.bouncycastle:bcpkix-jdk15to18:1.81
|    \--- org.bouncycastle:bcutil-jdk15to18:[1.81,1.82) -> 1.81
|         \--- org.bouncycastle:bcprov-jdk15to18:[1.81,1.82) -> 1.81
\--- com.squareup.okhttp3:okhttp:4.12.0
     +--- com.squareup.okio:okio:3.6.0
     |    \--- com.squareup.okio:okio-jvm:3.6.0
     |         +--- org.jetbrains.kotlin:kotlin-stdlib-jdk8:1.9.10
     |         |    +--- org.jetbrains.kotlin:kotlin-stdlib:1.9.10 -> 1.9.24 (*)
     |         |    \--- org.jetbrains.kotlin:kotlin-stdlib-jdk7:1.9.10
     |         |         \--- org.jetbrains.kotlin:kotlin-stdlib:1.9.10 -> 1.9.24 (*)
     |         \--- org.jetbrains.kotlin:kotlin-stdlib-common:1.9.10 -> 1.9.24
     |              \--- org.jetbrains.kotlin:kotlin-stdlib:1.9.24 (*)
     \--- org.jetbrains.kotlin:kotlin-stdlib-jdk8:1.8.21 -> 1.9.10 (*)

(c) - A dependency constraint, not a dependency. The dependency affected by the constraint occurs elsewhere in the tree.
(*) - Indicates repeated occurrences of a transitive dependency subtree. Gradle expands transitive dependency subtrees only once per project; repeat occurrences only display the root of the subtree, followed by this annotation.

A web-based, searchable dependency report is available by adding the --scan option.

> Task :app:packageDebug
> Task :app:createDebugApkListingFileRedirect UP-TO-DATE
> Task :app:assembleDebug
Persisted dependency lock state for buildscript of project ':'
Persisted dependency lock state for project ':app'
Persisted dependency lock state for project ':libadb'
Persisted dependency lock state for project ':spake2'

BUILD SUCCESSFUL in 11s
87 actionable tasks: 14 executed, 73 up-to-date
