Pinned toolchains ready; activation: /workspace/toolchains/activate.sh

added 134 packages in 2s
Local credentials present; values are not printed. This file is ignored and excluded from distribution.
To honour the JVM settings for this build a single-use Daemon process will be forked. For more on this, please refer to https://docs.gradle.org/8.9/userguide/gradle_daemon.html#sec:disabling_the_daemon in the Gradle documentation.
Daemon will be stopped at the end of the build 

> Configure project :app
Unable to initialize metrics, ensure /home/agent/.android is writable, details: /home/agent/.android/analytics.settings (No such file or directory)

> Task :app:preBuild UP-TO-DATE
> Task :app:preDebugBuild UP-TO-DATE
> Task :app:mergeDebugNativeDebugMetadata NO-SOURCE
> Task :libadb:preBuild UP-TO-DATE
> Task :libadb:preDebugBuild UP-TO-DATE
> Task :spake2:preBuild UP-TO-DATE
> Task :spake2:preDebugBuild UP-TO-DATE
> Task :app:javaPreCompileDebug
> Task :app:generateDebugResValues
> Task :libadb:generateDebugResValues
> Task :libadb:generateDebugResources
> Task :libadb:writeDebugAarMetadata
> Task :spake2:writeDebugAarMetadata
> Task :app:checkDebugAarMetadata
> Task :libadb:packageDebugResources
> Task :spake2:generateDebugResValues
> Task :spake2:generateDebugResources
> Task :spake2:packageDebugResources
> Task :app:mapDebugSourceSetPaths
> Task :app:generateDebugResources
> Task :app:packageDebugResources
> Task :app:mergeDebugResources
> Task :app:createDebugCompatibleScreenManifests
> Task :app:extractDeepLinksDebug
> Task :libadb:extractDeepLinksDebug
> Task :spake2:extractDeepLinksDebug
> Task :libadb:compileDebugLibraryResources
> Task :libadb:parseDebugLocalResources
> Task :app:parseDebugLocalResources
> Task :spake2:processDebugManifest
> Task :libadb:processDebugManifest
> Task :libadb:generateDebugRFile
> Task :app:processDebugMainManifest
> Task :app:processDebugManifest
> Task :spake2:compileDebugLibraryResources
> Task :libadb:javaPreCompileDebug
> Task :spake2:javaPreCompileDebug
> Task :spake2:parseDebugLocalResources
> Task :app:mergeDebugShaders
> Task :app:processDebugManifestForPackage
> Task :app:compileDebugShaders NO-SOURCE
> Task :spake2:generateDebugRFile
> Task :app:generateDebugAssets UP-TO-DATE
> Task :app:processDebugResources
> Task :spake2:compileDebugJavaWithJavac
> Task :libadb:mergeDebugShaders
> Task :libadb:compileDebugShaders NO-SOURCE
> Task :libadb:generateDebugAssets UP-TO-DATE
> Task :libadb:packageDebugAssets
> Task :spake2:bundleLibCompileToJarDebug

> Task :libadb:compileDebugJavaWithJavac
Note: Some input files use or override a deprecated API.
Note: Recompile with -Xlint:deprecation for details.

> Task :libadb:bundleLibCompileToJarDebug
> Task :spake2:mergeDebugShaders

> Task :app:compileDebugJavaWithJavac
Note: /tmp/phone-bridge-unzip-wydjq24g/Phone_Browser_Bridge/source/android/app/src/main/java/id/phonebridge/Discovery.java uses or overrides a deprecated API.
Note: Recompile with -Xlint:deprecation for details.

> Task :spake2:compileDebugShaders NO-SOURCE
> Task :spake2:generateDebugAssets UP-TO-DATE
> Task :spake2:packageDebugAssets
> Task :app:mergeDebugAssets
> Task :app:compressDebugAssets
> Task :libadb:bundleLibRuntimeToJarDebug
> Task :spake2:bundleLibRuntimeToJarDebug
> Task :app:desugarDebugFileDependencies
> Task :app:dexBuilderDebug
> Task :app:processDebugJavaRes NO-SOURCE
> Task :libadb:processDebugJavaRes NO-SOURCE
> Task :spake2:processDebugJavaRes NO-SOURCE
> Task :libadb:bundleLibRuntimeToDirDebug
> Task :app:checkDebugDuplicateClasses
> Task :app:mergeDebugGlobalSynthetics
> Task :spake2:bundleLibRuntimeToDirDebug
> Task :app:mergeProjectDexDebug
> Task :app:mergeDebugJniLibFolders
> Task :libadb:mergeDebugJniLibFolders
> Task :libadb:mergeDebugNativeLibs NO-SOURCE
> Task :libadb:copyDebugJniLibsProjectOnly
> Task :app:mergeDebugJavaResource

> Task :spake2:configureCMakeDebug[arm64-v8a]
C/C++: Builing Debug...

> Task :app:mergeLibDexDebug
> Task :spake2:buildCMakeDebug[arm64-v8a]

> Task :spake2:configureCMakeDebug[armeabi-v7a]
C/C++: Builing Debug...

> Task :spake2:buildCMakeDebug[armeabi-v7a]

> Task :spake2:configureCMakeDebug[x86_64]
C/C++: Builing Debug...

> Task :spake2:buildCMakeDebug[x86_64]
> Task :spake2:mergeDebugJniLibFolders
> Task :app:validateSigningDebug
> Task :spake2:mergeDebugNativeLibs
> Task :app:writeDebugAppMetadata
> Task :spake2:copyDebugJniLibsProjectOnly
> Task :app:writeDebugSigningConfigVersions
> Task :app:bundleDebugClassesToRuntimeJar
> Task :app:mergeDebugNativeLibs
> Task :app:bundleDebugClassesToCompileJar
> Task :app:preDebugUnitTestBuild UP-TO-DATE
> Task :app:processDebugUnitTestJavaRes NO-SOURCE
> Task :libadb:preDebugUnitTestBuild UP-TO-DATE
> Task :app:javaPreCompileDebugUnitTest
> Task :libadb:generateDebugUnitTestStubRFile
> Task :app:stripDebugDebugSymbols
> Task :app:compileDebugUnitTestJavaWithJavac
> Task :app:testDebugUnitTest
> Task :libadb:processDebugUnitTestJavaRes NO-SOURCE
> Task :libadb:javaPreCompileDebugUnitTest
> Task :libadb:compileDebugUnitTestJavaWithJavac
> Task :app:mergeExtDexDebug
> Task :libadb:testDebugUnitTest
> Task :app:packageDebug
> Task :app:createDebugApkListingFileRedirect
> Task :app:assembleDebug

BUILD SUCCESSFUL in 16s
86 actionable tasks: 86 executed

> phone-browser-bridge-cloudflare@0.1.0 build
> wrangler deploy --dry-run --outdir ../../dist/cloudflare

[33m▲ [43;33m[[43;30mWARNING[43;33m][0m [1mProxy environment variables detected. We'll use your proxy for fetch requests.[0m



 ⛅️ wrangler 4.148.0
────────────────────
Total Upload: 47.51 KiB / gzip: 12.92 KiB
Your Worker has access to the following bindings:
Binding                                                               Resource                  
env.REGISTRY (Registry)                                               Durable Object            
env.DEVICES (DeviceRelay)                                             Durable Object            
env.INSTALLATION_ID ("replace-with-your-random-installation...")      Environment Variable      

--dry-run: exiting now.
